Reading MS from file and checking type
Number of rows in ms: 7669
Constructing Iterator
Now testing data access functions
Showing first 10 iterations:
Iteration 0 contains:
Antenna1=0, Antenna2=1, freq=8.08500019e+09, time=0, uvw=[-739.048461, -1939.10604, 1168.62562], vis=[(29.2057705, 0.813359499), (-0.487027913, -1.01897585), (-1.46674991, 1.06583369), (28.9129562, 0.888794303)], sigma=1, flag=1
Iteration 1 contains:
Antenna1=0, Antenna2=2, freq=8.08500019e+09, time=0, uvw=[-810.950288, -681.987503, 375.208527], vis=[(31.0896053, -1.24324417), (-0.0272476282, -1.7863636), (-1.37886691, 0.693016589), (31.3267021, -1.4242655)], sigma=1, flag=1
Iteration 2 contains:
Antenna1=0, Antenna2=3, freq=8.08500019e+09, time=0, uvw=[-572.970144, -317.79567, 162.231096], vis=[(28.8552341, -2.11146903), (-0.782580018, -1.95740902), (-0.439487815, 0.101617396), (28.7912045, -2.14898467)], sigma=1, flag=1
Iteration 3 contains:
Antenna1=0, Antenna2=4, freq=8.08500019e+09, time=0, uvw=[-802.748492, -825.485535, 465.922122], vis=[(30.9776649, 1.56919229), (-0.474896938, -1.39409757), (-1.14011121, 1.01168025), (30.9470043, 1.40104294)], sigma=1, flag=1
Iteration 4 contains:
Antenna1=0, Antenna2=5, freq=8.08500019e+09, time=0, uvw=[-781.57917, -1195.83625, 700.186436], vis=[(31.1349659, -1.01050472), (-0.211600035, -1.61168754), (-1.22767472, 0.805412352), (31.1506042, -1.02078342)], sigma=1, flag=1
Iteration 5 contains:
Antenna1=0, Antenna2=6, freq=8.08500019e+09, time=0, uvw=[-2551.36366, 244.082442, -324.644115], vis=[(29.9895744, 0.826852083), (-0.231674284, -3.39571595), (-1.61573732, 2.69958162), (29.9404678, 0.810730994)], sigma=1, flag=1
Iteration 6 contains:
Antenna1=0, Antenna2=7, freq=8.08500019e+09, time=0, uvw=[-792.939362, -997.387416, 574.66138], vis=[(28.0833359, 0.16585812), (-0.485111564, -1.7605406), (-1.56001246, 0.71507746), (28.1965408, 0.0288365558)], sigma=1, flag=1
Iteration 7 contains:
Antenna1=0, Antenna2=8, freq=8.08500019e+09, time=0, uvw=[-412.956195, -228.959834, 117.091275], vis=[(30.7538967, 2.59854674), (-0.52892828, -1.61364937), (-1.22856224, 0.934030235), (30.8224182, 2.46991611)], sigma=1, flag=1
Iteration 8 contains:
Antenna1=0, Antenna2=9, freq=8.08500019e+09, time=0, uvw=[827.977287, 460.391179, -232.713523], vis=[(27.8362236, -0.563811004), (-0.7910254, -1.28004837), (-1.06520021, 0.891001284), (27.8798923, -0.621623993)], sigma=1, flag=1
Iteration 9 contains:
Antenna1=0, Antenna2=11, freq=8.08500019e+09, time=0, uvw=[1155.3243, 641.895317, -325.490801], vis=[(28.3948154, -0.524682105), (-1.34189463, -1.07478976), (-0.591086149, 1.2309885), (28.444622, -0.605743051)], sigma=1, flag=1
Next timeslot contains:
Antenna1=0,Antenna2=1, freq=8.08500019e+09, time=4.12162941e+09, uvw=[-738.144634, -1939.12661, 1169.16336], vis=[(29.1572285, 0.825064898), (-0.480498284, -0.993458629), (-1.49862516, 1.10190821), (28.9285545, 0.916397154)], sigma=1, flag=1, feed_pa=[-0.10283836, -0.10283836, -0.10283836, -0.10283836, -0.10283836, -0.10283836, -0.10283836, -0.10283836, -0.10283836, -0.10283836, -0.10283836, -0.10283836, -0.10283836, -0.10283836, -0.10283836, -0.10283836, -0.10283836, -0.10283836, -0.10283836, -0.10283836, -0.10283836, -0.10283836, -0.10283836, -0.10283836, -0.10283836, -0.10283836, -0.10283836, -0.10283836]
 Reading through visibility data till end of file 
................................................................................................................................................................................................................................................................................................................................................................................................................................................................................................................................................................................................................................................................................................................................................................................................................................................................................................................................................................................................................................................................................................................................................................................................................................................................................................................................................................................................................................................................................................................................................................................................................................................................................................................................................................................................................................................................................................................................................................................................................................................................................................................................................................................................................................................................................................................................................................................................................................................................................................................................................................................................................................................................................................................................................................................................................................................................................................................................................................................................................................................................................................................................................................................................................................................................................................................................................................................................................................................................................................................................................................................................................................................................................................................................................................................................................................................................................................................................................................................................................................................................................................................................................................................................................................................................................................................................................................................................................................................................................................................................................................................................................................................................................................................................................................................................................................................................................................................................................................................................................................................................................................................................................................................................................................................................................................................................................................................................................................................................................................................................................................................................................................................................................................................................................................................................................................................................................................................................................................................................................................................................................................................................................................................................................................................................................................................................................................................................................................................................................................................................................................................................................................................................................................................................................................................................................................................................................................................................................................................................................................................................................................................................................................................................................................................................................................................................................................................................................................................................................................................................................................................................................................... done : sum=[(218785.312, -1479.17297), (-6478.11084, 2706.31104), (-6467.16748, -1176.32068), (218805.719, -1499.15674)]
 Now try to iterate in time-intervals of 10s
 Interval start: 4121629400. end: 4121629400, # visibilities in interval: 338
 Interval start: 4121629410. end: 4121629410, # visibilities in interval: 332
 Interval start: 4121629420. end: 4121629420, # visibilities in interval: 338
 Interval start: 4121629430. end: 4121629430, # visibilities in interval: 341
 Interval start: 4121629440. end: 4121629440, # visibilities in interval: 338
 Interval start: 4121629450. end: 4121629450, # visibilities in interval: 336
 Interval start: 4121629460. end: 4121629460, # visibilities in interval: 337
 Interval start: 4121638270. end: 4121638280, # visibilities in interval: 685
 Interval start: 4121638290. end: 4121638290, # visibilities in interval: 319
 Interval start: 4121638300. end: 4121638300, # visibilities in interval: 320
 Interval start: 4121638310. end: 4121638320, # visibilities in interval: 688
 Interval start: 4121638330. end: 4121638330, # visibilities in interval: 339
 Interval start: 4121638340. end: 4121638340, # visibilities in interval: 340
 Interval start: 4121642600. end: 4121642600, # visibilities in interval: 345
 Interval start: 4121642610. end: 4121642610, # visibilities in interval: 341
 Interval start: 4121642620. end: 4121642630, # visibilities in interval: 658
 Interval start: 4121642640. end: 4121642640, # visibilities in interval: 318
 Interval start: 4121642650. end: 4121642650, # visibilities in interval: 320
 Interval start: 4121642660. end: 4121642660, # visibilities in interval: 317
 Interval start: 4121642670. end: 4121642670, # visibilities in interval: 319
 Try iterator with 1000s interval.
 Interval start: 4121629400, end: 4121629460, # visibilities in interval: 2360
 Interval start: 4121638270, end: 4121638340, # visibilities in interval: 2691
 Interval start: 4121642600, end: 4121642670, # visibilities in interval: 2618
 Two iterators running simultaneously
 Interval 1 start: 4121629400, end: 4121629400, # visibilities in interval: 338
 Interval 2 start: 4121629400, end: 4121629460, # visibilities in interval: 2360
 Interval 1 start: 4121629410, end: 4121629410, # visibilities in interval: 332
 Interval 2 start: 4121638270, end: 4121638340, # visibilities in interval: 2691
 Interval 1 start: 4121629420, end: 4121629420, # visibilities in interval: 338
 Interval 2 start: 4121642600, end: 4121642670, # visibilities in interval: 2618
 Interval 1 start: 4121629430, end: 4121629430, # visibilities in interval: 341
 Interval 2 start: 4121642600, end: 4121642670, # visibilities in interval: 2618
 Interval 1 start: 4121629440, end: 4121629440, # visibilities in interval: 338
 Interval 2 start: 4121642600, end: 4121642670, # visibilities in interval: 2618
 Interval 1 start: 4121629450, end: 4121629450, # visibilities in interval: 336
 Interval 2 start: 4121642600, end: 4121642670, # visibilities in interval: 2618
 Interval 1 start: 4121629460, end: 4121629460, # visibilities in interval: 337
 Interval 2 start: 4121642600, end: 4121642670, # visibilities in interval: 2618
 Interval 1 start: 4121638270, end: 4121638280, # visibilities in interval: 685
 Interval 2 start: 4121642600, end: 4121642670, # visibilities in interval: 2618
 Interval 1 start: 4121638290, end: 4121638290, # visibilities in interval: 319
 Interval 2 start: 4121642600, end: 4121642670, # visibilities in interval: 2618
 Interval 1 start: 4121638300, end: 4121638300, # visibilities in interval: 320
 Interval 2 start: 4121642600, end: 4121642670, # visibilities in interval: 2618
 Interval 1 start: 4121638310, end: 4121638320, # visibilities in interval: 688
 Interval 2 start: 4121642600, end: 4121642670, # visibilities in interval: 2618
 Interval 1 start: 4121638330, end: 4121638330, # visibilities in interval: 339
 Interval 2 start: 4121642600, end: 4121642670, # visibilities in interval: 2618
 Interval 1 start: 4121638340, end: 4121638340, # visibilities in interval: 340
 Interval 2 start: 4121642600, end: 4121642670, # visibilities in interval: 2618
 Interval 1 start: 4121642600, end: 4121642600, # visibilities in interval: 345
 Interval 2 start: 4121642600, end: 4121642670, # visibilities in interval: 2618
 Interval 1 start: 4121642610, end: 4121642610, # visibilities in interval: 341
 Interval 2 start: 4121642600, end: 4121642670, # visibilities in interval: 2618
 Interval 1 start: 4121642620, end: 4121642630, # visibilities in interval: 658
 Interval 2 start: 4121642600, end: 4121642670, # visibilities in interval: 2618
 Interval 1 start: 4121642640, end: 4121642640, # visibilities in interval: 318
 Interval 2 start: 4121642600, end: 4121642670, # visibilities in interval: 2618
 Interval 1 start: 4121642650, end: 4121642650, # visibilities in interval: 320
 Interval 2 start: 4121642600, end: 4121642670, # visibilities in interval: 2618
 Interval 1 start: 4121642660, end: 4121642660, # visibilities in interval: 317
 Interval 2 start: 4121642600, end: 4121642670, # visibilities in interval: 2618
 Interval 1 start: 4121642670, end: 4121642670, # visibilities in interval: 319
 Interval 2 start: 4121642600, end: 4121642670, # visibilities in interval: 2618
 Polarization frame 0
 Circular=0, Linear=1
 CJones(antenna==0)=Axis Lengths: [2, 2]  (NB: Matrix in Row/Column order)
[(1, 0), (0, 0)
 (0, 0), (1, 0)]

Exiting scope of tVisibilityIterator
Done.
